bool_true,bool_false,byte,short,integer,long,bytes,string,timestamp,uuid
bool_true true 0 0
bool_false false 0 1
byte "c" 1 2
short "s>" 2 3
integer "l>" 4 4
long "q>" 8 5
bytes nil nil 6
string nil nil 7
timestamp "q>" 8 8
uuid nil 16 9
string Records
04030201-0605-0807-090a-0b0c0d0e0f10
Time
8675
Integer
8675309
Records
a
hello
0
""
Prelude checksum mismatch
Message checksum mismatch
Not enough bytes for event message
Payload length of a message should be under 24mb.
Encoded headers length of a message should be under 128kb.
Attempting reading bytes to offset 10 exceeds buffer length of 4
RuntimeError
RuntimeError
RuntimeError
RuntimeError
RuntimeError
RuntimeError
